{
  "status": "completed",
  "results": [
    "standardization",
    "cleaning"
  ],
  "stages": [
    {
      "key": "standardization",
      "label": "字段标准化",
      "status": "completed",
      "message": "字段标准化完成",
      "started_at": "2026-09-09T16:18:38+08:00",
      "finished_at": "2026-09-09T16:18:38+08:00"
    },
    {
      "key": "cleaning",
      "label": "数据清洗",
      "status": "completed",
      "message": "质量评分 67.11",
      "started_at": "2026-09-09T16:18:38+08:00",
      "finished_at": "2026-09-09T16:18:38+08:00"
    },
    {
      "key": "selection",
      "label": "动态优选",
      "status": "skipped",
      "message": "不在本次请求范围内"
    },
    {
      "key": "modeling",
      "label": "系统辨识",
      "status": "skipped",
      "message": "不在本次请求范围内"
    },
    {
      "key": "optimization",
      "label": "闭环寻优",
      "status": "skipped",
      "message": "不在本次请求范围内"
    },
    {
      "key": "review",
      "label": "Agent 评审",
      "status": "skipped",
      "message": "不在本次请求范围内"
    },
    {
      "key": "report",
      "label": "分析报告",
      "status": "skipped",
      "message": "不在本次请求范围内"
    }
  ],
  "artifacts": {
    "source_csv": "01_input/source.csv",
    "standardized_csv": "02_standardization/standardized.csv",
    "mapping_csv": "02_standardization/mapping_report.csv",
    "report_json": "03_cleaning/quality_report.json",
    "cleaned_csv": "03_cleaning/cleaned.csv",
    "segments_csv": "03_cleaning/selected_dynamic_segments.csv",
    "modeling_csv": "03_cleaning/modeling_dataset.csv"
  },
  "model_directory_created": false,
  "cleaned_rows": 1435
}
